// Jest Snapshot v1, https://goo.gl/fbAQLP

exports[`renders ResponseMetadata correctly renders Response headers correctly 1`] = `"<div style=\\"display: grid; grid-template-columns: 1fr; grid-template-rows: auto 1fr; padding: 5px;\\"><label style=\\"text-transform: uppercase; font-size: 11px; margin-bottom: 3px; color: rgba(255, 255, 255, 0.4);\\">Response Headers</label><div style=\\"margin: 0px 10px; padding: 0px; font-size: 11px; font-family: monospace; color: rgb(255, 255, 255);\\"><div style=\\"display: grid;\\"><div style=\\"display: flex; justify-content: space-between; padding: 3px 5px;\\"><span style=\\"font-style: italic; padding-right: 5px; font-size: 10px;\\">header-1</span><span style=\\"font-weight: bold; font-size: 12px; word-break: break-all;\\">value-header-1</span></div><div style=\\"display: flex; justify-content: space-between; padding: 3px 5px;\\"><span style=\\"font-style: italic; padding-right: 5px; font-size: 10px;\\">header-2</span><span style=\\"font-weight: bold; font-size: 12px; word-break: break-all;\\">value-header-2</span></div><div style=\\"display: flex; justify-content: space-between; padding: 3px 5px;\\"><span style=\\"font-style: italic; padding-right: 5px; font-size: 10px;\\">header-3</span><span style=\\"font-weight: bold; font-size: 12px; word-break: break-all;\\">value-header-3</span></div><div style=\\"display: flex; justify-content: space-between; padding: 3px 5px;\\"><span style=\\"font-style: italic; padding-right: 5px; font-size: 10px;\\">header-no-value</span><span style=\\"font-weight: bold; font-size: 12px; word-break: break-all;\\"></span></div></div></div></div>"`;
