{
    "definitions": {
        "components": {
            "definitions": {
                "schemas": {
                    "definitions": {
                        "foo": {
                            "type": "object",
                            "properties":{
                                "fields": {
                                    "$ref": "#/definitions/components/definitions/schemas/definitions/bar"
                                }
                            } 
                        },
                        "bar": {
                            "type": "array",
                            "items": {
                                "type": "string"
                            }
                        }
                    }
                }
            }
            
        }
    },
    "type": "array",
    "items": {
        "$ref": "#/definitions/components/definitions/schemas/definitions/foo"
    }
}